// Jest Snapshot v1, https://goo.gl/fbAQLP

exports[`changes the class when hovered 1`] = `
<button
  onClick={[Function]}
>
  xx
</button>
`;

exports[`changes the class when hovered 2`] = `
<button
  onClick={[Function]}
>
  xx
</button>
`;
